
> frontend@0.1.0 build
> next build

  Γû▓ Next.js 14.2.16

   Creating an optimized production build ...
 Γ£ô Compiled successfully
   Linting and checking validity of types ...

./src/app/login/page.tsx
69:25  Warning: Using `<img>` could result in slower LCP and higher bandwidth. Consider using `<Image />` from `next/image` to automatically optimize images. This may incur additional usage or cost from your provider. See: https://nextjs.org/docs/messages/no-img-element  @next/next/no-img-element

./src/app/signup/page.tsx
99:29  Warning: Using `<img>` could result in slower LCP and higher bandwidth. Consider using `<Image />` from `next/image` to automatically optimize images. This may incur additional usage or cost from your provider. See: https://nextjs.org/docs/messages/no-img-element  @next/next/no-img-element

info  - Need to disable some ESLint rules? Learn more here: https://nextjs.org/docs/basic-features/eslint#disabling-rules
   Collecting page data ...
   Generating static pages (0/14) ...
   Generating static pages (3/14) 
   Generating static pages (6/14) 
   Generating static pages (10/14) 
 Γ£ô Generating static pages (14/14)
   Finalizing page optimization ...
   Collecting build traces ...

Route (app)                              Size     First Load JS
Γöî Γùï /                                    6.64 kB         133 kB
Γö£ Γùï /_not-found                          873 B            88 kB
Γö£ Γùï /dashboard                           180 B          94.1 kB
Γö£ Γùï /dashboard/flashcards                2.71 kB         130 kB
Γö£ Γùï /dashboard/notes                     3.78 kB        97.7 kB
Γö£ Γùï /dashboard/planner                   3.56 kB        90.7 kB
Γö£ Γùï /dashboard/quizzes                   5.16 kB         125 kB
Γö£ Γùï /dashboard/settings                  138 B          87.3 kB
Γö£ Γùï /dashboard/upload                    4.6 kB          125 kB
Γö£ Γùï /login                               180 B          94.1 kB
Γöö Γùï /signup                              180 B          94.1 kB
+ First Load JS shared by all            87.1 kB
  Γö£ chunks/117-810fc0bffad12ddb.js       31.6 kB
  Γö£ chunks/fd9d1056-39d48d3b80bdb410.js  53.6 kB
  Γöö other shared chunks (total)          1.89 kB


Γùï  (Static)  prerendered as static content

